
> smart-bookmark-app@0.1.0 build
> next build

Γû▓ Next.js 16.1.6 (Turbopack)
- Environments: .env.local

  Creating an optimized production build ...
Γ£ô Compiled successfully in 5.6s
  Running TypeScript ...
  Collecting page data using 15 workers ...
  Generating static pages using 15 workers (0/7) ...
  Generating static pages using 15 workers (1/7) 
  Generating static pages using 15 workers (3/7) 
  Generating static pages using 15 workers (5/7) 
Γ£ô Generating static pages using 15 workers (7/7) in 1405.1ms
  Finalizing page optimization ...

Route (app)
Γöî Γùï /
Γö£ Γùï /_not-found
Γö£ Γùï /auth/callback
Γö£ Γùï /dashboard
Γöö Γùï /login


Γùï  (Static)  prerendered as static content

